// Jest Snapshot v1, https://goo.gl/fbAQLP

exports[`renders ./components/radio/demo/basic.md correctly 1`] = `<label class="ant-radio-wrapper"><span class="ant-radio"><input type="radio" class="ant-radio-input"><span class="ant-radio-inner"></span></span><span>Radio</span></label>`;

exports[`renders ./components/radio/demo/disabled.md correctly 1`] = `
<div>
  <label class="ant-radio-wrapper ant-radio-wrapper-disabled"><span class="ant-radio ant-radio-disabled"><input type="radio" disabled="disabled" class="ant-radio-input"><span class="ant-radio-inner"></span></span><span>Disabled</span></label>
  <br>
  <label class="ant-radio-wrapper ant-radio-wrapper-checked ant-radio-wrapper-disabled"><span class="ant-radio ant-radio-checked ant-radio-disabled"><input type="radio" disabled="disabled" class="ant-radio-input"><span class="ant-radio-inner"></span></span><span>Disabled</span></label>
  <div>
    <button type="button" class="ant-btn ant-btn-primary"><span>Toggle disabled</span></button>
  </div>
</div>
`;

exports[`renders ./components/radio/demo/radioButton.md correctly 1`] = `
<div>
  <div>
    <div class="ant-radio-group ant-radio-group-default">
      <label class="ant-radio-button-wrapper ant-radio-button-wrapper-checked"><span class="ant-radio-button ant-radio-button-checked"><input type="radio" class="ant-radio-button-input"><span class="ant-radio-button-inner"></span></span><span>Hangzhou</span></label>
      <label class="ant-radio-button-wrapper"><span class="ant-radio-button"><input type="radio" class="ant-radio-button-input"><span class="ant-radio-button-inner"></span></span><span>Shanghai</span></label>
      <label class="ant-radio-button-wrapper"><span class="ant-radio-button"><input type="radio" class="ant-radio-button-input"><span class="ant-radio-button-inner"></span></span><span>Beijing</span></label>
      <label class="ant-radio-button-wrapper"><span class="ant-radio-button"><input type="radio" class="ant-radio-button-input"><span class="ant-radio-button-inner"></span></span><span>Chengdu</span></label>
    </div>
  </div>
  <div style="margin-top: 16px;">
    <div class="ant-radio-group ant-radio-group-default">
      <label class="ant-radio-button-wrapper ant-radio-button-wrapper-checked"><span class="ant-radio-button ant-radio-button-checked"><input type="radio" class="ant-radio-button-input"><span class="ant-radio-button-inner"></span></span><span>Hangzhou</span></label>
      <label class="ant-radio-button-wrapper ant-radio-button-wrapper-disabled"><span class="ant-radio-button ant-radio-button-disabled"><input type="radio" disabled="disabled" class="ant-radio-button-input"><span class="ant-radio-button-inner"></span></span><span>Shanghai</span></label>
      <label class="ant-radio-button-wrapper"><span class="ant-radio-button"><input type="radio" class="ant-radio-button-input"><span class="ant-radio-button-inner"></span></span><span>Beijing</span></label>
      <label class="ant-radio-button-wrapper"><span class="ant-radio-button"><input type="radio" class="ant-radio-button-input"><span class="ant-radio-button-inner"></span></span><span>Chengdu</span></label>
    </div>
  </div>
  <div style="margin-top: 16px;">
    <div class="ant-radio-group ant-radio-group-default">
      <label class="ant-radio-button-wrapper ant-radio-button-wrapper-checked ant-radio-button-wrapper-disabled"><span class="ant-radio-button ant-radio-button-checked ant-radio-button-disabled"><input type="radio" disabled="disabled" class="ant-radio-button-input"><span class="ant-radio-button-inner"></span></span><span>Hangzhou</span></label>
      <label class="ant-radio-button-wrapper ant-radio-button-wrapper-disabled"><span class="ant-radio-button ant-radio-button-disabled"><input type="radio" disabled="disabled" class="ant-radio-button-input"><span class="ant-radio-button-inner"></span></span><span>Shanghai</span></label>
      <label class="ant-radio-button-wrapper ant-radio-button-wrapper-disabled"><span class="ant-radio-button ant-radio-button-disabled"><input type="radio" disabled="disabled" class="ant-radio-button-input"><span class="ant-radio-button-inner"></span></span><span>Beijing</span></label>
      <label class="ant-radio-button-wrapper ant-radio-button-wrapper-disabled"><span class="ant-radio-button ant-radio-button-disabled"><input type="radio" disabled="disabled" class="ant-radio-button-input"><span class="ant-radio-button-inner"></span></span><span>Chengdu</span></label>
    </div>
  </div>
</div>
`;

exports[`renders ./components/radio/demo/radioGroup.md correctly 1`] = `
<div class="ant-radio-group ant-radio-group-default">
  <label class="ant-radio-wrapper ant-radio-wrapper-checked"><span class="ant-radio ant-radio-checked"><input type="radio" class="ant-radio-input"><span class="ant-radio-inner"></span></span><span>A</span></label>
  <label class="ant-radio-wrapper"><span class="ant-radio"><input type="radio" class="ant-radio-input"><span class="ant-radio-inner"></span></span><span>B</span></label>
  <label class="ant-radio-wrapper"><span class="ant-radio"><input type="radio" class="ant-radio-input"><span class="ant-radio-inner"></span></span><span>C</span></label>
  <label class="ant-radio-wrapper"><span class="ant-radio"><input type="radio" class="ant-radio-input"><span class="ant-radio-inner"></span></span><span>D</span></label>
</div>
`;

exports[`renders ./components/radio/demo/radioGroup-more.md correctly 1`] = `
<div class="ant-radio-group ant-radio-group-default">
  <label class="ant-radio-wrapper ant-radio-wrapper-checked" style="display: block; height: 30px; line-height: 30px;"><span class="ant-radio ant-radio-checked"><input type="radio" class="ant-radio-input"><span class="ant-radio-inner"></span></span><span>Option A</span></label>
  <label class="ant-radio-wrapper" style="display: block; height: 30px; line-height: 30px;"><span class="ant-radio"><input type="radio" class="ant-radio-input"><span class="ant-radio-inner"></span></span><span>Option B</span></label>
  <label class="ant-radio-wrapper" style="display: block; height: 30px; line-height: 30px;"><span class="ant-radio"><input type="radio" class="ant-radio-input"><span class="ant-radio-inner"></span></span><span>Option C</span></label>
  <label class="ant-radio-wrapper" style="display: block; height: 30px; line-height: 30px;"><span class="ant-radio"><input type="radio" class="ant-radio-input"><span class="ant-radio-inner"></span></span><span>
    More...
    <!----></span></label>
</div>
`;

exports[`renders ./components/radio/demo/radioGroup-options.md correctly 1`] = `
<div>
  <div class="ant-radio-group ant-radio-group-default">
    <label class="ant-radio-wrapper ant-radio-wrapper-checked"><span class="ant-radio ant-radio-checked"><input type="radio" class="ant-radio-input"><span class="ant-radio-inner"></span></span><span>Apple</span></label>
    <label class="ant-radio-wrapper"><span class="ant-radio"><input type="radio" class="ant-radio-input"><span class="ant-radio-inner"></span></span><span>Pear</span></label>
    <label class="ant-radio-wrapper"><span class="ant-radio"><input type="radio" class="ant-radio-input"><span class="ant-radio-inner"></span></span><span>Orange</span></label>
  </div>
  <br>
  <div class="ant-radio-group ant-radio-group-default">
    <label class="ant-radio-wrapper ant-radio-wrapper-checked"><span class="ant-radio ant-radio-checked"><input type="radio" class="ant-radio-input"><span class="ant-radio-inner"></span></span><span>Apple</span></label>
    <label class="ant-radio-wrapper"><span class="ant-radio"><input type="radio" class="ant-radio-input"><span class="ant-radio-inner"></span></span><span>Pear</span></label>
    <label class="ant-radio-wrapper"><span class="ant-radio"><input type="radio" class="ant-radio-input"><span class="ant-radio-inner"></span></span><span>Orange</span></label>
  </div>
  <br>
  <div class="ant-radio-group ant-radio-group-default">
    <label class="ant-radio-wrapper ant-radio-wrapper-checked ant-radio-wrapper-disabled"><span class="ant-radio ant-radio-checked ant-radio-disabled"><input type="radio" disabled="disabled" class="ant-radio-input"><span class="ant-radio-inner"></span></span><span>Apple</span></label>
    <label class="ant-radio-wrapper ant-radio-wrapper-disabled"><span class="ant-radio ant-radio-disabled"><input type="radio" disabled="disabled" class="ant-radio-input"><span class="ant-radio-inner"></span></span><span>Pear</span></label>
    <label class="ant-radio-wrapper ant-radio-wrapper-disabled"><span class="ant-radio ant-radio-disabled"><input type="radio" disabled="disabled" class="ant-radio-input"><span class="ant-radio-inner"></span></span><span>Orange</span></label>
  </div>
</div>
`;

exports[`renders ./components/radio/demo/radioGroup-with-name.md correctly 1`] = `
<div class="ant-radio-group ant-radio-group-default">
  <label class="ant-radio-wrapper ant-radio-wrapper-checked"><span class="ant-radio ant-radio-checked"><input name="radioGroup" type="radio" class="ant-radio-input"><span class="ant-radio-inner"></span></span><span>A</span></label>
  <label class="ant-radio-wrapper"><span class="ant-radio"><input name="radioGroup" type="radio" class="ant-radio-input"><span class="ant-radio-inner"></span></span><span>B</span></label>
  <label class="ant-radio-wrapper"><span class="ant-radio"><input name="radioGroup" type="radio" class="ant-radio-input"><span class="ant-radio-inner"></span></span><span>C</span></label>
  <label class="ant-radio-wrapper"><span class="ant-radio"><input name="radioGroup" type="radio" class="ant-radio-input"><span class="ant-radio-inner"></span></span><span>D</span></label>
</div>
`;

exports[`renders ./components/radio/demo/size.md correctly 1`] = `
<div>
  <div>
    <div class="ant-radio-group ant-radio-group-large">
      <label class="ant-radio-button-wrapper ant-radio-button-wrapper-checked"><span class="ant-radio-button ant-radio-button-checked"><input type="radio" class="ant-radio-button-input"><span class="ant-radio-button-inner"></span></span><span>Hangzhou</span></label>
      <label class="ant-radio-button-wrapper"><span class="ant-radio-button"><input type="radio" class="ant-radio-button-input"><span class="ant-radio-button-inner"></span></span><span>Shanghai</span></label>
      <label class="ant-radio-button-wrapper"><span class="ant-radio-button"><input type="radio" class="ant-radio-button-input"><span class="ant-radio-button-inner"></span></span><span>Beijing</span></label>
      <label class="ant-radio-button-wrapper"><span class="ant-radio-button"><input type="radio" class="ant-radio-button-input"><span class="ant-radio-button-inner"></span></span><span>Chengdu</span></label>
    </div>
  </div>
  <div style="margin-top: 16px;">
    <div class="ant-radio-group ant-radio-group-default">
      <label class="ant-radio-button-wrapper ant-radio-button-wrapper-checked"><span class="ant-radio-button ant-radio-button-checked"><input type="radio" class="ant-radio-button-input"><span class="ant-radio-button-inner"></span></span><span>Hangzhou</span></label>
      <label class="ant-radio-button-wrapper"><span class="ant-radio-button"><input type="radio" class="ant-radio-button-input"><span class="ant-radio-button-inner"></span></span><span>Shanghai</span></label>
      <label class="ant-radio-button-wrapper"><span class="ant-radio-button"><input type="radio" class="ant-radio-button-input"><span class="ant-radio-button-inner"></span></span><span>Beijing</span></label>
      <label class="ant-radio-button-wrapper"><span class="ant-radio-button"><input type="radio" class="ant-radio-button-input"><span class="ant-radio-button-inner"></span></span><span>Chengdu</span></label>
    </div>
  </div>
  <div style="margin-top: 16px;">
    <div class="ant-radio-group ant-radio-group-small">
      <label class="ant-radio-button-wrapper ant-radio-button-wrapper-checked"><span class="ant-radio-button ant-radio-button-checked"><input type="radio" class="ant-radio-button-input"><span class="ant-radio-button-inner"></span></span><span>Hangzhou</span></label>
      <label class="ant-radio-button-wrapper"><span class="ant-radio-button"><input type="radio" class="ant-radio-button-input"><span class="ant-radio-button-inner"></span></span><span>Shanghai</span></label>
      <label class="ant-radio-button-wrapper"><span class="ant-radio-button"><input type="radio" class="ant-radio-button-input"><span class="ant-radio-button-inner"></span></span><span>Beijing</span></label>
      <label class="ant-radio-button-wrapper"><span class="ant-radio-button"><input type="radio" class="ant-radio-button-input"><span class="ant-radio-button-inner"></span></span><span>Chengdu</span></label>
    </div>
  </div>
</div>
`;
