// Jest Snapshot v1, https://goo.gl/fbAQLP

exports[`Radio all children should have a name property 1`] = `
<div class="ant-radio-group ant-radio-group-default">
  <label class="ant-radio-wrapper"><span class="ant-radio"><input name="radiogroup" type="radio" class="ant-radio-input"><span class="ant-radio-inner"></span></span><span>A</span></label>
  <label class="ant-radio-wrapper"><span class="ant-radio"><input name="radiogroup" type="radio" class="ant-radio-input"><span class="ant-radio-inner"></span></span><span>B</span></label>
  <label class="ant-radio-wrapper"><span class="ant-radio"><input name="radiogroup" type="radio" class="ant-radio-input"><span class="ant-radio-inner"></span></span><span>C</span></label>
</div>
`;

exports[`Radio fire change events when value changes 1`] = `
<div class="ant-radio-group ant-radio-group-default">
  <label class="ant-radio-wrapper ant-radio-wrapper-checked"><span class="ant-radio ant-radio-checked"><input type="radio" class="ant-radio-input"><span class="ant-radio-inner"></span></span><span>A</span></label>
  <label class="ant-radio-wrapper"><span class="ant-radio"><input type="radio" class="ant-radio-input"><span class="ant-radio-inner"></span></span><span>B</span></label>
  <label class="ant-radio-wrapper"><span class="ant-radio"><input type="radio" class="ant-radio-input"><span class="ant-radio-inner"></span></span><span>C</span></label>
</div>
`;

exports[`Radio fire change events when value changes 2`] = `
<div class="ant-radio-group ant-radio-group-default">
  <label class="ant-radio-wrapper ant-radio-wrapper-checked"><span class="ant-radio ant-radio-checked"><input type="radio" class="ant-radio-input"><span class="ant-radio-inner"></span></span><span>A</span></label>
  <label class="ant-radio-wrapper"><span class="ant-radio"><input type="radio" class="ant-radio-input"><span class="ant-radio-inner"></span></span><span>B</span></label>
  <label class="ant-radio-wrapper"><span class="ant-radio"><input type="radio" class="ant-radio-input"><span class="ant-radio-inner"></span></span><span>C</span></label>
</div>
`;
