// Jest Snapshot v1, https://goo.gl/fbAQLP

exports[`renders ./components/list/demo/basic.md correctly 1`] = `
<div class="ant-list ant-list-split">
  <div class="ant-spin-nested-loading">
    <div class="ant-spin-container">
      <div class="ant-list-item">
        <div class="ant-list-item-meta">
          <div class="ant-list-item-meta-avatar"><span class="ant-avatar ant-avatar-image ant-avatar-circle"><img src="https://zos.alipayobjects.com/rmsportal/ODTLcjxAfvqbxHnVXCYX.png"></span></div>
          <div class="ant-list-item-meta-content">
            <h4 class="ant-list-item-meta-title">
              <a href="https://vuecomponent.github.io/ant-design/">Ant Design Title 1</a>
            </h4>
            <div class="ant-list-item-meta-description">Ant Design, a design language for background applications, is refined by Ant UED Team</div>
          </div>
        </div>
      </div>
      <div class="ant-list-item">
        <div class="ant-list-item-meta">
          <div class="ant-list-item-meta-avatar"><span class="ant-avatar ant-avatar-image ant-avatar-circle"><img src="https://zos.alipayobjects.com/rmsportal/ODTLcjxAfvqbxHnVXCYX.png"></span></div>
          <div class="ant-list-item-meta-content">
            <h4 class="ant-list-item-meta-title">
              <a href="https://vuecomponent.github.io/ant-design/">Ant Design Title 2</a>
            </h4>
            <div class="ant-list-item-meta-description">Ant Design, a design language for background applications, is refined by Ant UED Team</div>
          </div>
        </div>
      </div>
      <div class="ant-list-item">
        <div class="ant-list-item-meta">
          <div class="ant-list-item-meta-avatar"><span class="ant-avatar ant-avatar-image ant-avatar-circle"><img src="https://zos.alipayobjects.com/rmsportal/ODTLcjxAfvqbxHnVXCYX.png"></span></div>
          <div class="ant-list-item-meta-content">
            <h4 class="ant-list-item-meta-title">
              <a href="https://vuecomponent.github.io/ant-design/">Ant Design Title 3</a>
            </h4>
            <div class="ant-list-item-meta-description">Ant Design, a design language for background applications, is refined by Ant UED Team</div>
          </div>
        </div>
      </div>
      <div class="ant-list-item">
        <div class="ant-list-item-meta">
          <div class="ant-list-item-meta-avatar"><span class="ant-avatar ant-avatar-image ant-avatar-circle"><img src="https://zos.alipayobjects.com/rmsportal/ODTLcjxAfvqbxHnVXCYX.png"></span></div>
          <div class="ant-list-item-meta-content">
            <h4 class="ant-list-item-meta-title">
              <a href="https://vuecomponent.github.io/ant-design/">Ant Design Title 4</a>
            </h4>
            <div class="ant-list-item-meta-description">Ant Design, a design language for background applications, is refined by Ant UED Team</div>
          </div>
        </div>
      </div>
    </div>
  </div>
</div>
`;

exports[`renders ./components/list/demo/grid.md correctly 1`] = `
<div class="ant-list ant-list-split ant-list-grid">
  <div class="ant-spin-nested-loading">
    <div class="ant-spin-container">
      <div class="ant-row" style="margin-left: -8px; margin-right: -8px;">
        <div class="ant-col-6" style="padding-left: 8px; padding-right: 8px;">
          <div class="ant-list-item">
            <div class="ant-list-item-content ant-list-item-content-single">
              <div class="ant-card ant-card-bordered">
                <div class="ant-card-head">
                  <div class="ant-card-head-wrapper">
                    <div class="ant-card-head-title">Title 1</div>
                  </div>
                </div>
                <div class="ant-card-body">Card content</div>
              </div>
            </div>
          </div>
        </div>
        <div class="ant-col-6" style="padding-left: 8px; padding-right: 8px;">
          <div class="ant-list-item">
            <div class="ant-list-item-content ant-list-item-content-single">
              <div class="ant-card ant-card-bordered">
                <div class="ant-card-head">
                  <div class="ant-card-head-wrapper">
                    <div class="ant-card-head-title">Title 2</div>
                  </div>
                </div>
                <div class="ant-card-body">Card content</div>
              </div>
            </div>
          </div>
        </div>
        <div class="ant-col-6" style="padding-left: 8px; padding-right: 8px;">
          <div class="ant-list-item">
            <div class="ant-list-item-content ant-list-item-content-single">
              <div class="ant-card ant-card-bordered">
                <div class="ant-card-head">
                  <div class="ant-card-head-wrapper">
                    <div class="ant-card-head-title">Title 3</div>
                  </div>
                </div>
                <div class="ant-card-body">Card content</div>
              </div>
            </div>
          </div>
        </div>
        <div class="ant-col-6" style="padding-left: 8px; padding-right: 8px;">
          <div class="ant-list-item">
            <div class="ant-list-item-content ant-list-item-content-single">
              <div class="ant-card ant-card-bordered">
                <div class="ant-card-head">
                  <div class="ant-card-head-wrapper">
                    <div class="ant-card-head-title">Title 4</div>
                  </div>
                </div>
                <div class="ant-card-body">Card content</div>
              </div>
            </div>
          </div>
        </div>
      </div>
    </div>
  </div>
</div>
`;

exports[`renders ./components/list/demo/infinite-load.md correctly 1`] = `
<div infinite-scroll-distance="10" class="demo-infinite-container">
  <div class="ant-list ant-list-split">
    <div class="ant-spin-nested-loading">
      <div class="ant-spin-container">
        <div class="ant-list-empty-text">No data</div>
      </div>
    </div>
  </div>
</div>
`;

exports[`renders ./components/list/demo/infinite-virtualized-load.md correctly 1`] = `
<div class="ant-list ant-list-split">
  <div class="ant-spin-nested-loading">
    <div class="ant-spin-container">
      <div data-v-caa2d078="" class="virtual-scroller" infinite-scroll-distance="10" style="height: 400px;">
        <div data-v-caa2d078="" class="item-container">
          <div data-v-caa2d078="" class="items"></div>
        </div>
        <div data-v-b329ee4c="" data-v-caa2d078="" tabindex="-1" class="resize-observer">
          <object style="display: block; position: absolute; top: 0; left: 0; height: 100%; width: 100%; overflow: hidden; pointer-events: none; z-index: -1;" aria-hidden="true" tabindex="-1" type="text/html" data="about:blank"></object>
        </div>
      </div>
    </div>
  </div>
</div>
`;

exports[`renders ./components/list/demo/loadmore.md correctly 1`] = `
<div class="demo-loadmore-list ant-list ant-list-split ant-list-loading ant-list-something-after-last-item">
  <div class="ant-spin-nested-loading">
    <div>
      <div class="ant-spin ant-spin-spinning ant-spin-show-text"><span class="ant-spin-dot ant-spin-dot-spin"><i></i><i></i><i></i><i></i></span></div>
    </div>
    <div class="ant-spin-container ant-spin-blur">
      <div style="min-height: 53;"></div>
    </div>
  </div>
  <div style="text-align: center; margin-top: 12px; height: 32px; line-height: 32px;">
    <button type="button" class="ant-btn ant-btn-default"><span>loading more</span></button>
  </div>
</div>
`;

exports[`renders ./components/list/demo/resposive.md correctly 1`] = `
<div class="ant-list ant-list-split ant-list-grid">
  <div class="ant-spin-nested-loading">
    <div class="ant-spin-container">
      <div class="ant-row" style="margin-left: -8px; margin-right: -8px;">
        <div class="ant-col-xs-24 ant-col-sm-12 ant-col-md-6 ant-col-lg-6 ant-col-xl-4 ant-col-xxl-8" style="padding-left: 8px; padding-right: 8px;">
          <div class="ant-list-item">
            <div class="ant-list-item-content ant-list-item-content-single">
              <div class="ant-card ant-card-bordered">
                <div class="ant-card-head">
                  <div class="ant-card-head-wrapper">
                    <div class="ant-card-head-title">Title 1</div>
                  </div>
                </div>
                <div class="ant-card-body">Card content</div>
              </div>
            </div>
          </div>
        </div>
        <div class="ant-col-xs-24 ant-col-sm-12 ant-col-md-6 ant-col-lg-6 ant-col-xl-4 ant-col-xxl-8" style="padding-left: 8px; padding-right: 8px;">
          <div class="ant-list-item">
            <div class="ant-list-item-content ant-list-item-content-single">
              <div class="ant-card ant-card-bordered">
                <div class="ant-card-head">
                  <div class="ant-card-head-wrapper">
                    <div class="ant-card-head-title">Title 2</div>
                  </div>
                </div>
                <div class="ant-card-body">Card content</div>
              </div>
            </div>
          </div>
        </div>
        <div class="ant-col-xs-24 ant-col-sm-12 ant-col-md-6 ant-col-lg-6 ant-col-xl-4 ant-col-xxl-8" style="padding-left: 8px; padding-right: 8px;">
          <div class="ant-list-item">
            <div class="ant-list-item-content ant-list-item-content-single">
              <div class="ant-card ant-card-bordered">
                <div class="ant-card-head">
                  <div class="ant-card-head-wrapper">
                    <div class="ant-card-head-title">Title 3</div>
                  </div>
                </div>
                <div class="ant-card-body">Card content</div>
              </div>
            </div>
          </div>
        </div>
        <div class="ant-col-xs-24 ant-col-sm-12 ant-col-md-6 ant-col-lg-6 ant-col-xl-4 ant-col-xxl-8" style="padding-left: 8px; padding-right: 8px;">
          <div class="ant-list-item">
            <div class="ant-list-item-content ant-list-item-content-single">
              <div class="ant-card ant-card-bordered">
                <div class="ant-card-head">
                  <div class="ant-card-head-wrapper">
                    <div class="ant-card-head-title">Title 4</div>
                  </div>
                </div>
                <div class="ant-card-body">Card content</div>
              </div>
            </div>
          </div>
        </div>
        <div class="ant-col-xs-24 ant-col-sm-12 ant-col-md-6 ant-col-lg-6 ant-col-xl-4 ant-col-xxl-8" style="padding-left: 8px; padding-right: 8px;">
          <div class="ant-list-item">
            <div class="ant-list-item-content ant-list-item-content-single">
              <div class="ant-card ant-card-bordered">
                <div class="ant-card-head">
                  <div class="ant-card-head-wrapper">
                    <div class="ant-card-head-title">Title 5</div>
                  </div>
                </div>
                <div class="ant-card-body">Card content</div>
              </div>
            </div>
          </div>
        </div>
        <div class="ant-col-xs-24 ant-col-sm-12 ant-col-md-6 ant-col-lg-6 ant-col-xl-4 ant-col-xxl-8" style="padding-left: 8px; padding-right: 8px;">
          <div class="ant-list-item">
            <div class="ant-list-item-content ant-list-item-content-single">
              <div class="ant-card ant-card-bordered">
                <div class="ant-card-head">
                  <div class="ant-card-head-wrapper">
                    <div class="ant-card-head-title">Title 6</div>
                  </div>
                </div>
                <div class="ant-card-body">Card content</div>
              </div>
            </div>
          </div>
        </div>
      </div>
    </div>
  </div>
</div>
`;

exports[`renders ./components/list/demo/simple.md correctly 1`] = `
<div>
  <h3 style="margin-bottom: 16px;">Default Size</h3>
  <div class="ant-list ant-list-split ant-list-bordered ant-list-something-after-last-item">
    <div class="ant-list-header">
      <div>Header</div>
    </div>
    <div class="ant-spin-nested-loading">
      <div class="ant-spin-container">
        <div class="ant-list-item">
          <div class="ant-list-item-content ant-list-item-content-single">Racing car sprays burning fuel into crowd.</div>
        </div>
        <div class="ant-list-item">
          <div class="ant-list-item-content ant-list-item-content-single">Japanese princess to wed commoner.</div>
        </div>
        <div class="ant-list-item">
          <div class="ant-list-item-content ant-list-item-content-single">Australian walks 100km after outback crash.</div>
        </div>
        <div class="ant-list-item">
          <div class="ant-list-item-content ant-list-item-content-single">Man charged over missing wedding girl.</div>
        </div>
        <div class="ant-list-item">
          <div class="ant-list-item-content ant-list-item-content-single">Los Angeles battles huge wildfires.</div>
        </div>
      </div>
    </div>
    <div class="ant-list-footer">
      <div>Footer</div>
    </div>
  </div>
  <h3 style="margin: 16px 0px;">Small Size</h3>
  <div class="ant-list ant-list-sm ant-list-split ant-list-bordered ant-list-something-after-last-item">
    <div class="ant-list-header">
      <div>Header</div>
    </div>
    <div class="ant-spin-nested-loading">
      <div class="ant-spin-container">
        <div class="ant-list-item">
          <div class="ant-list-item-content ant-list-item-content-single">Racing car sprays burning fuel into crowd.</div>
        </div>
        <div class="ant-list-item">
          <div class="ant-list-item-content ant-list-item-content-single">Japanese princess to wed commoner.</div>
        </div>
        <div class="ant-list-item">
          <div class="ant-list-item-content ant-list-item-content-single">Australian walks 100km after outback crash.</div>
        </div>
        <div class="ant-list-item">
          <div class="ant-list-item-content ant-list-item-content-single">Man charged over missing wedding girl.</div>
        </div>
        <div class="ant-list-item">
          <div class="ant-list-item-content ant-list-item-content-single">Los Angeles battles huge wildfires.</div>
        </div>
      </div>
    </div>
    <div class="ant-list-footer">
      <div>Footer</div>
    </div>
  </div>
  <h3 style="margin: 16px 0px;">Large Size</h3>
  <div class="ant-list ant-list-lg ant-list-split ant-list-bordered ant-list-something-after-last-item">
    <div class="ant-list-header">
      <div>Header</div>
    </div>
    <div class="ant-spin-nested-loading">
      <div class="ant-spin-container">
        <div class="ant-list-item">
          <div class="ant-list-item-content ant-list-item-content-single">Racing car sprays burning fuel into crowd.</div>
        </div>
        <div class="ant-list-item">
          <div class="ant-list-item-content ant-list-item-content-single">Japanese princess to wed commoner.</div>
        </div>
        <div class="ant-list-item">
          <div class="ant-list-item-content ant-list-item-content-single">Australian walks 100km after outback crash.</div>
        </div>
        <div class="ant-list-item">
          <div class="ant-list-item-content ant-list-item-content-single">Man charged over missing wedding girl.</div>
        </div>
        <div class="ant-list-item">
          <div class="ant-list-item-content ant-list-item-content-single">Los Angeles battles huge wildfires.</div>
        </div>
      </div>
    </div>
    <div class="ant-list-footer">
      <div>Footer</div>
    </div>
  </div>
</div>
`;

exports[`renders ./components/list/demo/vertical.md correctly 1`] = `
<div class="ant-list ant-list-vertical ant-list-lg ant-list-split ant-list-something-after-last-item">
  <div class="ant-spin-nested-loading">
    <div class="ant-spin-container">
      <div class="ant-list-item">
        <div class="ant-list-item-extra-wrap">
          <div class="ant-list-item-main">
            <div class="ant-list-item-meta">
              <div class="ant-list-item-meta-avatar"><span class="ant-avatar ant-avatar-image ant-avatar-circle"><img src="https://zos.alipayobjects.com/rmsportal/ODTLcjxAfvqbxHnVXCYX.png"></span></div>
              <div class="ant-list-item-meta-content">
                <h4 class="ant-list-item-meta-title">
                  <a href="https://vuecomponent.github.io/ant-design/">ant design part 0</a>
                </h4>
                <div class="ant-list-item-meta-description">Ant Design, a design language for background applications, is refined by Ant UED Team.</div>
              </div>
            </div>
            <div class="ant-list-item-content">
              We supply a series of design principles, practical patterns and high quality design resources (Sketch and Axure), to help people create their product prototypes beautifully and efficiently.
            </div>
            <ul class="ant-list-item-action">
              <li><span><i class="anticon anticon-star-o" style="margin-right: 8px;"></i>
        156
      </span><em class="ant-list-item-action-split"></em></li>
              <li><span><i class="anticon anticon-like-o" style="margin-right: 8px;"></i>
        156
      </span><em class="ant-list-item-action-split"></em></li>
              <li><span><i class="anticon anticon-message" style="margin-right: 8px;"></i>
        2
      </span></li>
            </ul>
          </div>
          <div class="ant-list-item-extra">
            <img width="272" alt="logo" src="https://gw.alipayobjects.com/zos/rmsportal/mqaQswcyDLcXyDKnZfES.png">
          </div>
        </div>
      </div>
      <div class="ant-list-item">
        <div class="ant-list-item-extra-wrap">
          <div class="ant-list-item-main">
            <div class="ant-list-item-meta">
              <div class="ant-list-item-meta-avatar"><span class="ant-avatar ant-avatar-image ant-avatar-circle"><img src="https://zos.alipayobjects.com/rmsportal/ODTLcjxAfvqbxHnVXCYX.png"></span></div>
              <div class="ant-list-item-meta-content">
                <h4 class="ant-list-item-meta-title">
                  <a href="https://vuecomponent.github.io/ant-design/">ant design part 1</a>
                </h4>
                <div class="ant-list-item-meta-description">Ant Design, a design language for background applications, is refined by Ant UED Team.</div>
              </div>
            </div>
            <div class="ant-list-item-content">
              We supply a series of design principles, practical patterns and high quality design resources (Sketch and Axure), to help people create their product prototypes beautifully and efficiently.
            </div>
            <ul class="ant-list-item-action">
              <li><span><i class="anticon anticon-star-o" style="margin-right: 8px;"></i>
        156
      </span><em class="ant-list-item-action-split"></em></li>
              <li><span><i class="anticon anticon-like-o" style="margin-right: 8px;"></i>
        156
      </span><em class="ant-list-item-action-split"></em></li>
              <li><span><i class="anticon anticon-message" style="margin-right: 8px;"></i>
        2
      </span></li>
            </ul>
          </div>
          <div class="ant-list-item-extra">
            <img width="272" alt="logo" src="https://gw.alipayobjects.com/zos/rmsportal/mqaQswcyDLcXyDKnZfES.png">
          </div>
        </div>
      </div>
      <div class="ant-list-item">
        <div class="ant-list-item-extra-wrap">
          <div class="ant-list-item-main">
            <div class="ant-list-item-meta">
              <div class="ant-list-item-meta-avatar"><span class="ant-avatar ant-avatar-image ant-avatar-circle"><img src="https://zos.alipayobjects.com/rmsportal/ODTLcjxAfvqbxHnVXCYX.png"></span></div>
              <div class="ant-list-item-meta-content">
                <h4 class="ant-list-item-meta-title">
                  <a href="https://vuecomponent.github.io/ant-design/">ant design part 2</a>
                </h4>
                <div class="ant-list-item-meta-description">Ant Design, a design language for background applications, is refined by Ant UED Team.</div>
              </div>
            </div>
            <div class="ant-list-item-content">
              We supply a series of design principles, practical patterns and high quality design resources (Sketch and Axure), to help people create their product prototypes beautifully and efficiently.
            </div>
            <ul class="ant-list-item-action">
              <li><span><i class="anticon anticon-star-o" style="margin-right: 8px;"></i>
        156
      </span><em class="ant-list-item-action-split"></em></li>
              <li><span><i class="anticon anticon-like-o" style="margin-right: 8px;"></i>
        156
      </span><em class="ant-list-item-action-split"></em></li>
              <li><span><i class="anticon anticon-message" style="margin-right: 8px;"></i>
        2
      </span></li>
            </ul>
          </div>
          <div class="ant-list-item-extra">
            <img width="272" alt="logo" src="https://gw.alipayobjects.com/zos/rmsportal/mqaQswcyDLcXyDKnZfES.png">
          </div>
        </div>
      </div>
    </div>
  </div>
  <div class="ant-list-pagination">
    <ul unselectable="unselectable" class="ant-pagination">
      <li title="Previous Page" aria-disabled="true" class="ant-pagination-disabled ant-pagination-prev">
        <a class="ant-pagination-item-link"></a>
      </li>
      <li title="1" tabindex="0" class="ant-pagination-item ant-pagination-item-1 ant-pagination-item-active">
        <a>1</a>
      </li>
      <li title="2" tabindex="0" class="ant-pagination-item ant-pagination-item-2">
        <a>2</a>
      </li>
      <li title="3" tabindex="0" class="ant-pagination-item ant-pagination-item-3">
        <a>3</a>
      </li>
      <li title="4" tabindex="0" class="ant-pagination-item ant-pagination-item-4">
        <a>4</a>
      </li>
      <li title="5" tabindex="0" class="ant-pagination-item ant-pagination-item-5">
        <a>5</a>
      </li>
      <li title="6" tabindex="0" class="ant-pagination-item ant-pagination-item-6">
        <a>6</a>
      </li>
      <li title="7" tabindex="0" class="ant-pagination-item ant-pagination-item-7">
        <a>7</a>
      </li>
      <li title="8" tabindex="0" class="ant-pagination-item ant-pagination-item-8">
        <a>8</a>
      </li>
      <li title="Next Page" tabindex="0" class=" ant-pagination-next">
        <a class="ant-pagination-item-link"></a>
      </li>
      <!---->
    </ul>
  </div>
</div>
`;
