// Jest Snapshot v1, https://goo.gl/fbAQLP

exports[`List renders empty list 1`] = `<div class="ant-list ant-list-split"><span tag="div" class="ant-spin-nested-loading"><div class="ant-spin-container"><div class="ant-list-empty-text">No data</div></div></span></div>`;
