// Jest Snapshot v1, https://goo.gl/fbAQLP

exports[`Tabs tabPosition remove card 1`] = `
<div class="ant-tabs ant-tabs-left ant-tabs-vertical ant-tabs-line no-flex">
  <div role="tablist" tabindex="0" class="ant-tabs-bar">
    <div class="ant-tabs-nav-container"><span unselectable="unselectable" class="ant-tabs-tab-prev ant-tabs-tab-btn-disabled"><span class="ant-tabs-tab-prev-icon"></span></span><span unselectable="unselectable" class="ant-tabs-tab-next ant-tabs-tab-btn-disabled"><span class="ant-tabs-tab-next-icon"></span></span>
      <div
        class="ant-tabs-nav-wrap">
        <div class="ant-tabs-nav-scroll">
          <div class="ant-tabs-nav ant-tabs-nav-animated">
            <div class="ant-tabs-ink-bar ant-tabs-ink-bar-animated"></div>
            <div role="tab" aria-disabled="false" aria-selected="true" class="ant-tabs-tab-active ant-tabs-tab">foo</div>
          </div>
        </div>
    </div>
  </div>
  <div class="ant-tabs-extra-content">xxx</div>
</div>
<div class="ant-tabs-content ant-tabs-content-animated" style="margin-top: 0%;">
  <div role="tabpanel" aria-hidden="false" class="ant-tabs-tabpane ant-tabs-tabpane-active">foo</div>
</div>
</div>
`;
