// Jest Snapshot v1, https://goo.gl/fbAQLP

exports[`renders ./components/breadcrumb/demo/basic.md correctly 1`] = `
<div class="ant-breadcrumb"><span class=""><span class="ant-breadcrumb-link">Home</span><span class="ant-breadcrumb-separator">/</span></span><span class=""><span class="ant-breadcrumb-link"><a href="">Application Center</a></span><span class="ant-breadcrumb-separator">/</span></span>
  <span
    class=""><span class="ant-breadcrumb-link"><a href="">Application List</a></span><span class="ant-breadcrumb-separator">/</span></span><span class=""><span class="ant-breadcrumb-link">An Application</span><span class="ant-breadcrumb-separator">/</span></span>
</div>
`;

exports[`renders ./components/breadcrumb/demo/router.md correctly 1`] = `<!---->`;

exports[`renders ./components/breadcrumb/demo/separator.md correctly 1`] = `
<div>
  <div class="ant-breadcrumb"><span class=""><span class="ant-breadcrumb-link">Home</span><span class="ant-breadcrumb-separator">&gt;</span></span><span class=""><a class="ant-breadcrumb-link">Application Center</a><span class="ant-breadcrumb-separator">&gt;</span></span><span class=""><a class="ant-breadcrumb-link">Application List</a><span class="ant-breadcrumb-separator">&gt;</span></span>
    <span
      class=""><span class="ant-breadcrumb-link">An Application</span><span class="ant-breadcrumb-separator">&gt;</span></span>
  </div>
  <div class="ant-breadcrumb"><span class=""><span class="ant-breadcrumb-link">Home</span><span class="ant-breadcrumb-separator"><span style="color: red;">&gt;</span></span>
    </span><span class=""><a class="ant-breadcrumb-link">Application Center</a><span class="ant-breadcrumb-separator"><span style="color: red;">&gt;</span></span>
    </span><span class=""><a class="ant-breadcrumb-link">Application List</a><span class="ant-breadcrumb-separator"><span style="color: red;">&gt;</span></span>
    </span><span class=""><span class="ant-breadcrumb-link">An Application</span><span class="ant-breadcrumb-separator"><span style="color: red;">&gt;</span></span>
    </span>
  </div>
</div>
`;

exports[`renders ./components/breadcrumb/demo/withIcon.md correctly 1`] = `
<div class="ant-breadcrumb"><span class=""><a class="ant-breadcrumb-link"><i class="anticon anticon-home"></i></a><span class="ant-breadcrumb-separator">/</span></span><span class=""><a class="ant-breadcrumb-link"><i class="anticon anticon-user"></i> <span>Application List</span></a>
  <span
    class="ant-breadcrumb-separator">/</span>
    </span><span class=""><span class="ant-breadcrumb-link">
    Application
  </span><span class="ant-breadcrumb-separator">/</span></span>
</div>
`;
