// Jest Snapshot v1, https://goo.gl/fbAQLP

exports[`renders ./components/tree-select/demo/basic.md correctly 1`] = `
<span class="ant-select ant-select-enabled ant-select-allow-clear ant-select ant-select-enabled ant-select-allow-clear" style="width: 300px;"><span role="combobox" aria-autocomplete="list" aria-haspopup="true" tabindex="0" class="ant-select-selection
            ant-select-selection--single"><span class="ant-select-selection__rendered"><span class="ant-select-selection__placeholder">Please select</span></span><span class="ant-select-arrow" style="outline: none;"><b></b></span></span>
</span>
`;

exports[`renders ./components/tree-select/demo/checkable.md correctly 1`] = `
<span class="ant-select ant-select-enabled ant-select ant-select-enabled" style="width: 300px;"><span role="combobox" aria-autocomplete="list" aria-haspopup="true" class="ant-select-selection
            ant-select-selection--multiple"><div class="ant-select-selection__rendered"><li title="Node1" unselectable="unselectable" class="ant-select-selection__choice"><span class="ant-select-selection__choice__remove"></span><span class="ant-select-selection__choice__content">Node1</span></li>
<li
  class="ant-select-search ant-select-search--inline"><span class="ant-select-search__field__wrap"><input role="textbox" class="ant-select-search__field"><span class="ant-select-search__field__mirror">&nbsp;</span></span>
  </li>
  </div><span class="ant-select-search__field__placeholder" style="display: none;">Please select</span></span>
  </span>
`;

exports[`renders ./components/tree-select/demo/multiple.md correctly 1`] = `
<span class="ant-select ant-select-enabled ant-select-allow-clear ant-select ant-select-enabled ant-select-allow-clear" style="width: 300px;"><span role="combobox" aria-autocomplete="list" aria-haspopup="true" class="ant-select-selection
            ant-select-selection--multiple"><div class="ant-select-selection__rendered"><li class="ant-select-search ant-select-search--inline"><span class="ant-select-search__field__wrap"><input role="textbox" class="ant-select-search__field"><span class="ant-select-search__field__mirror">&nbsp;</span></span>
</li>
</div><span class="ant-select-search__field__placeholder" style="display: block;">Please select</span></span>
</span>
`;

exports[`renders ./components/tree-select/demo/treeData.md correctly 1`] = `
<span class="ant-select ant-select-enabled ant-select ant-select-enabled" style="width: 300px;"><span role="combobox" aria-autocomplete="list" aria-haspopup="true" tabindex="0" class="ant-select-selection
            ant-select-selection--single"><span class="ant-select-selection__rendered"><span class="ant-select-selection__placeholder">Please select</span></span><span class="ant-select-arrow" style="outline: none;"><b></b></span></span>
</span>
`;
